// Jest Snapshot v1, https://goo.gl/fbAQLP

exports[`InputTextのテスト snapshot 1`] = `
<DocumentFragment>
  <label
    class="css-1lu35ut"
  >
    ラベル
  </label>
</DocumentFragment>
`;
